<!DOCTYPE html>
<html lang="en">
<head>
    <meta charset="UTF-8">
    <meta name="viewport" content="width=device-width, initial-scale=1.0">
    <meta http-equiv="X-UA-Compatible" content="ie=edge">
    <!-- Main CSS -->
    <link rel="stylesheet" href="assets/css/main.min.css">

    <title>Golden - FENDed</title>
</head>
<body>
    <header id="header" class="header">
        <div class="container">
            <ul class="nav">
                <img src="assets/img/logo.png" alt="" class="logo">
                <nav class="menu">
                    <li class="nav-item"><a href="#header">Home</a></li>
                    <li class="nav-item"><a href="#serv">Services</a></li>
                    <li class="nav-item"><a href="#portfolio">Portfolio</a></li>
                    <li class="nav-item"><a href="#about">About</a></li>
                    <li class="nav-item"><a href="#footer">Contact</a></li>
                </nav>
            </ul>
            <div class="htitle">
                <h2 class="htitle-little">Welcome To Our Studio!</h2>
                <h1 class="htitle-big">Itâ€™s nice to Meet you</h1>
                <button class="htitle-btn">Tell Me More</button>
            </div>
        </div>
    </header>

    <section id="serv" class="serv">
        <div class="container">
            <div class="stitle">
                <h2 class="stitle-big">Services</h2>
                <p class="stitle-text">Proin iaculis purus consequat sem cure. </p>
            </div>
            <div class="sitems">
                <div class="sitem">
                    <img src="assets/img/icon1.png" alt="">
                    <div class="sitem-block">
                        <h3 class="sitem-title">E-Ctommerce</h3>
                        <p class="sitem-text">Proin iaculis purus consequat sem cure digni ssim.
                        Donec porttitora entum suscipit aenean rhoncus posuere odio in tincidunt.</p>
                    </div>
                </div>
                <div class="sitem">
                    <img src="assets/img/icon2.png" alt="">
                    <h3 class="sitem-title">Responsive Web</h3>
                    <p class="sitem-text">Proin iaculis purus consequat sem cure digni ssim.
                    Donec porttitora entum suscipit aenean rhoncus posuere odio in tincidunt.</p>  
                </div>
                <div class="sitem">
                    <img src="assets/img/icon3.png" alt="">
                    <h3 class="sitem-title">Web Security</h3>
                    <p class="sitem-text">Proin iaculis purus consequat sem cure digni ssim.
                    Donec porttitora entum suscipit aenean rhoncus posuere odio in tincidunt.</p>
                </div>
            </div>
        </div>
    </section>

    <section id="portfolio" class="portfolio">
        <div class="container">
            <div class="ptitle">
                <h2 class="ptitle-big">Our portfolio</h2>
                <p class="ptitle-text">Proin iaculis purus consequat sem cure.</p>
            </div>
            <div class="img-block">
                <img src="assets/img/img1.jpg" alt="" class="block-img">
                <img src="assets/img/img2.jpg" alt="" class="block-img">
                <img src="assets/img/img3.jpg" alt="" class="block-img">
            </div>
        </div>
    </section>

    <section id="about" class="about">
        <div class="container">
            <div class="atitle">
                <h2 class="atitle-big">About Us</h2>
                <p class="atitle-text">Proin iattculis purus consequat sem cure. </p>
            </div>
            <div class="aitems">
                <div class="aitem mr-auto">
                    <div class="aitem-block">
                        <span class="date">July 2010</span>
                        <span class="item-title">Our Humble Beginnings</span>
                        <span class="item-text ml-auto">Proin iaculis purus consequat sem cure digni ssim.
                        Donec porttitora entum suscipit aenean rhoncus posuere odio in tincidunt.
                        Proin iaculis purus consequat sem cure digni ssim. Donec porttitora entum
                        suscipit.</span>
                    </div>
                    <img src="assets/img/about1.jpg" alt="" class="aitem-img">
                </div>
                <div class="aitem ml-auto">
                    <img src="assets/img/about2.jpg" alt="" class="aitem-img">
                    <div class="aitem-block">
                        <span class="date ta-left">January 2011</span>
                        <span class="item-title ta-left">Facing Startup Battles</span>
                        <span class="item-text ta-left">Proin iaculis purus consequat sem cure digni ssim. Donec
                        porttitora entum suscipit aenean rhoncus posuere odio in tincidunt. Proin
                        iaculis purus consequat sem cure digni ssim. Donec porttitora entum suscipit
                        aenean rhoncus posuere odio in tincidunt.</span>
                    </div>
                </div>
                <div class="aitem mr-auto">
                    <div class="aitem-block">
                        <span class="date">December 2012</span>
                        <span class="item-title">Enter The Dark Days</span>
                        <span class="item-text ml-auto">Proin iaculis purus consequat sem cure digni ssim. Donec
                        porttitora entum suscipit aenean rhoncus posuere odio in tincidunt. Proin
                        iaculis purus consequat sem cure digni.</span>
                    </div>
                    <img src="assets/img/about3.jpg" alt="" class="aitem-img">
                </div>
                <div class="aitem ml-auto">
                    <img src="assets/img/about4.jpg" alt="" class="aitem-img">
                    <div class="aitem-block">
                        <span class="date ta-left">february 2014</span>
                        <span class="item-title ta-left">Our Triumph</span>
                        <span class="item-text ta-left">Proin iaculis purus consequat sem cure digni ssim. Donec
                        porttitora entum suscipit aenean rhoncus posuere odio in tincidunt. Proin
                        iaculis purus consequat sem cure digni ssim. Donec porttitora entum suscipit
                        aenean.</span>
                    </div>
                </div>
            </div>
        </div>
    </section>

    <footer id="footer" class="footer">
        <div class="container">
            <div class="copy">&copy; 2018. Developed by <a href="https://vk.com/l.drel" target="_blank">FENDed</a></div>
        </div>
    </footer>

    <!-- Scripts -->
    <script src="https://code.jquery.com/jquery-3.3.1.min.js" integrity="sha256-FgpCb/KJQlLNfOu91ta32o/NMZxltwRo8QtmkMRdAu8=" crossorigin="anonymous"></script>
</body>
</html>